// Jest Snapshot v1, https://goo.gl/fbAQLP

exports[`Button should render Button 1`] = `
<DocumentFragment>
  <div
    class="button "
    id="button"
  >
    <button
      class="button__action"
    >
      search
    </button>
  </div>
</DocumentFragment>
`;
